// Jest Snapshot v1, https://goo.gl/fbAQLP

exports[`unit zdk should fetch mock 1`] = `
Object {
  "data": Object {
    "token": Object {
      "content": Object {
        "mediaEncoding": Object {
          "original": "Hello World",
          "preview": "Hello World",
        },
        "mediaType": "ANIMATION",
        "mimeType": "Hello World",
        "size": "Hello World",
      },
      "description": "Hello World",
      "image": Object {
        "mediaEncoding": Object {
          "original": "Hello World",
          "preview": "Hello World",
        },
        "mediaType": "HTML",
        "mimeType": "Hello World",
        "size": "Hello World",
      },
      "lastRefreshTime": 1,
      "metadata": Object {
        "description": "test",
        "image": "https://example.com/image.jpg",
        "name": "test",
      },
      "mintInfo": Object {
        "blockNumber": 0,
        "blockTimestamp": 1644379949,
        "transactionHash": "Hello World",
      },
      "minter": "Hello World",
      "name": "Hello World",
      "tokenAddress": "Hello World",
      "tokenId": "Hello World",
      "tokenUrl": "Hello World",
    },
  },
}
`;
