// Jest Snapshot v1, https://goo.gl/fbAQLP

exports[`unit zdk should fetch mock token 1`] = `
Object {
  "token": Object {
    "__typename": "TokenWithFullMarketHistory",
    "markets": Array [
      Object {
        "collectionAddress": "Hello World",
        "marketAddress": "Hello World",
        "marketType": "V2_AUCTION",
        "networkInfo": Object {
          "chain": "MAINNET",
          "network": "ETHEREUM",
        },
        "price": Object {
          "blockNumber": 7,
          "ethPrice": Object {
            "decimal": -7.4796289074247255,
            "raw": "Hello World",
          },
          "nativePrice": Object {
            "currency": Object {
              "address": "Hello World",
              "decimals": 8,
              "name": "Hello World",
            },
            "decimal": 65.18361761440886,
            "raw": "Hello World",
          },
          "usdcPrice": Object {
            "decimal": -46.67760211342089,
            "raw": "Hello World",
          },
        },
        "status": "Hello World",
        "transactionInfo": Object {
          "blockNumber": 5,
          "blockTimestamp": 1644379949,
          "logIndex": 6,
          "transactionHash": "Hello World",
        },
      },
      Object {
        "collectionAddress": "Hello World",
        "marketAddress": "Hello World",
        "marketType": "V3_ASK",
        "networkInfo": Object {
          "chain": "MAINNET",
          "network": "ETHEREUM",
        },
        "price": Object {
          "blockNumber": 11,
          "ethPrice": Object {
            "decimal": -45.47765839908591,
            "raw": "Hello World",
          },
          "nativePrice": Object {
            "currency": Object {
              "address": "Hello World",
              "decimals": 12,
              "name": "Hello World",
            },
            "decimal": -60.067615084450445,
            "raw": "Hello World",
          },
          "usdcPrice": Object {
            "decimal": -58.42496482187158,
            "raw": "Hello World",
          },
        },
        "status": "Hello World",
        "transactionInfo": Object {
          "blockNumber": 9,
          "blockTimestamp": 1644379949,
          "logIndex": 10,
          "transactionHash": "Hello World",
        },
      },
    ],
    "token": Object {
      "collectionAddress": "Hello World",
      "content": Object {
        "mediaEncoding": Object {
          "__typename": "AudioEncodingTypes",
          "large": "Hello World",
          "original": "Hello World",
        },
        "mimeType": "Hello World",
        "size": "Hello World",
        "url": "Hello World",
      },
      "description": "Hello World",
      "image": Object {
        "mediaEncoding": Object {
          "__typename": "VideoEncodingTypes",
          "large": "Hello World",
          "original": "Hello World",
          "poster": "Hello World",
          "preview": "Hello World",
          "thumbnail": "Hello World",
        },
        "mimeType": "Hello World",
        "size": "Hello World",
        "url": "Hello World",
      },
      "lastRefreshTime": null,
      "mintInfo": Object {
        "mintContext": Object {
          "__typename": "TransactionInfo",
          "blockNumber": 3,
          "blockTimestamp": 1644379949,
          "logIndex": 4,
          "transactionHash": "Hello World",
        },
        "originatorAddress": "Hello World",
        "price": Object {
          "__typename": "PriceAtTime",
          "blockNumber": 1,
          "ethPrice": Object {
            "decimal": -6.459742808931551,
            "raw": "Hello World",
          },
          "nativePrice": Object {
            "currency": Object {
              "address": "Hello World",
              "decimals": 2,
              "name": "Hello World",
            },
            "decimal": 47.47667128119534,
            "raw": "Hello World",
          },
          "usdcPrice": Object {
            "decimal": -75.04713234180045,
            "raw": "Hello World",
          },
        },
        "toAddress": "Hello World",
      },
      "name": "Hello World",
      "owner": "Hello World",
      "tokenContract": Object {
        "chain": 0,
        "collectionAddress": "Hello World",
        "description": "Hello World",
        "name": "Hello World",
        "network": "Hello World",
        "symbol": "Hello World",
      },
      "tokenId": "Hello World",
    },
  },
}
`;
